Archive member included to satisfy reference by file (symbol)

c:/st/stm32cubeide_1.7.0/stm32cubeide/plugins/com.st.stm32cube.ide.mcu.externaltools.gnu-tools-for-stm32.9-2020-q2-update.win32_2.0.0.202105311346/tools/bin/../lib/gcc/arm-none-eabi/9.3.1/../../../../arm-none-eabi/lib/thumb/v7-m/nofp\libc_nano.a(lib_a-errno.o)
                              ./Core/Src/syscalls.o (__errno)
c:/st/stm32cubeide_1.7.0/stm32cubeide/plugins/com.st.stm32cube.ide.mcu.externaltools.gnu-tools-for-stm32.9-2020-q2-update.win32_2.0.0.202105311346/tools/bin/../lib/gcc/arm-none-eabi/9.3.1/../../../../arm-none-eabi/lib/thumb/v7-m/nofp\libc_nano.a(lib_a-exit.o)
                              c:/st/stm32cubeide_1.7.0/stm32cubeide/plugins/com.st.stm32cube.ide.mcu.externaltools.gnu-tools-for-stm32.9-2020-q2-update.win32_2.0.0.202105311346/tools/bin/../lib/gcc/arm-none-eabi/9.3.1/../../../../arm-none-eabi/lib/thumb/v7-m/nofp/crt0.o (exit)
c:/st/stm32cubeide_1.7.0/stm32cubeide/plugins/com.st.stm32cube.ide.mcu.externaltools.gnu-tools-for-stm32.9-2020-q2-update.win32_2.0.0.202105311346/tools/bin/../lib/gcc/arm-none-eabi/9.3.1/../../../../arm-none-eabi/lib/thumb/v7-m/nofp\libc_nano.a(lib_a-impure.o)
                              c:/st/stm32cubeide_1.7.0/stm32cubeide/plugins/com.st.stm32cube.ide.mcu.externaltools.gnu-tools-for-stm32.9-2020-q2-update.win32_2.0.0.202105311346/tools/bin/../lib/gcc/arm-none-eabi/9.3.1/../../../../arm-none-eabi/lib/thumb/v7-m/nofp\libc_nano.a(lib_a-exit.o) (_global_impure_ptr)
c:/st/stm32cubeide_1.7.0/stm32cubeide/plugins/com.st.stm32cube.ide.mcu.externaltools.gnu-tools-for-stm32.9-2020-q2-update.win32_2.0.0.202105311346/tools/bin/../lib/gcc/arm-none-eabi/9.3.1/../../../../arm-none-eabi/lib/thumb/v7-m/nofp\libc_nano.a(lib_a-init.o)
                              c:/st/stm32cubeide_1.7.0/stm32cubeide/plugins/com.st.stm32cube.ide.mcu.externaltools.gnu-tools-for-stm32.9-2020-q2-update.win32_2.0.0.202105311346/tools/bin/../lib/gcc/arm-none-eabi/9.3.1/../../../../arm-none-eabi/lib/thumb/v7-m/nofp/crt0.o (__libc_init_array)
c:/st/stm32cubeide_1.7.0/stm32cubeide/plugins/com.st.stm32cube.ide.mcu.externaltools.gnu-tools-for-stm32.9-2020-q2-update.win32_2.0.0.202105311346/tools/bin/../lib/gcc/arm-none-eabi/9.3.1/../../../../arm-none-eabi/lib/thumb/v7-m/nofp\libc_nano.a(lib_a-memset.o)
                              c:/st/stm32cubeide_1.7.0/stm32cubeide/plugins/com.st.stm32cube.ide.mcu.externaltools.gnu-tools-for-stm32.9-2020-q2-update.win32_2.0.0.202105311346/tools/bin/../lib/gcc/arm-none-eabi/9.3.1/../../../../arm-none-eabi/lib/thumb/v7-m/nofp/crt0.o (memset)

Allocating common symbols
Common symbol       size              file

uwTick              0x4               ./Drivers/STM32F1xx_HAL_Driver/Src/stm32f1xx_hal.o
pFlash              0x20              ./Drivers/STM32F1xx_HAL_Driver/Src/stm32f1xx_hal_flash.o
htim2               0x48              ./Core/Src/main.o

Discarded input sections

 .text          0x0000000000000000        0x0 c:/st/stm32cubeide_1.7.0/stm32cubeide/plugins/com.st.stm32cube.ide.mcu.externaltools.gnu-tools-for-stm32.9-2020-q2-update.win32_2.0.0.202105311346/tools/bin/../lib/gcc/arm-none-eabi/9.3.1/thumb/v7-m/nofp/crti.o
 .data          0x0000000000000000        0x0 c:/st/stm32cubeide_1.7.0/stm32cubeide/plugins/com.st.stm32cube.ide.mcu.externaltools.gnu-tools-for-stm32.9-2020-q2-update.win32_2.0.0.202105311346/tools/bin/../lib/gcc/arm-none-eabi/9.3.1/thumb/v7-m/nofp/crti.o
 .bss           0x0000000000000000        0x0 c:/st/stm32cubeide_1.7.0/stm32cubeide/plugins/com.st.stm32cube.ide.mcu.externaltools.gnu-tools-for-stm32.9-2020-q2-update.win32_2.0.0.202105311346/tools/bin/../lib/gcc/arm-none-eabi/9.3.1/thumb/v7-m/nofp/crti.o
 .data          0x0000000000000000        0x4 c:/st/stm32cubeide_1.7.0/stm32cubeide/plugins/com.st.stm32cube.ide.mcu.externaltools.gnu-tools-for-stm32.9-2020-q2-update.win32_2.0.0.202105311346/tools/bin/../lib/gcc/arm-none-eabi/9.3.1/thumb/v7-m/nofp/crtbegin.o
 .text          0x0000000000000000       0x7c c:/st/stm32cubeide_1.7.0/stm32cubeide/plugins/com.st.stm32cube.ide.mcu.externaltools.gnu-tools-for-stm32.9-2020-q2-update.win32_2.0.0.202105311346/tools/bin/../lib/gcc/arm-none-eabi/9.3.1/../../../../arm-none-eabi/lib/thumb/v7-m/nofp/crt0.o
 .data          0x0000000000000000        0x0 c:/st/stm32cubeide_1.7.0/stm32cubeide/plugins/com.st.stm32cube.ide.mcu.externaltools.gnu-tools-for-stm32.9-2020-q2-update.win32_2.0.0.202105311346/tools/bin/../lib/gcc/arm-none-eabi/9.3.1/../../../../arm-none-eabi/lib/thumb/v7-m/nofp/crt0.o
 .bss           0x0000000000000000        0x0 c:/st/stm32cubeide_1.7.0/stm32cubeide/plugins/com.st.stm32cube.ide.mcu.externaltools.gnu-tools-for-stm32.9-2020-q2-update.win32_2.0.0.202105311346/tools/bin/../lib/gcc/arm-none-eabi/9.3.1/../../../../arm-none-eabi/lib/thumb/v7-m/nofp/crt0.o
[...]
Memory Configuration

Name             Origin             Length             Attributes
RAM              0x0000000020000000 0x0000000000002800 xrw
FLASH            0x0000000008000000 0x0000000000008000 xr
*default*        0x0000000000000000 0xffffffffffffffff

Linker script and memory map

LOAD c:/st/stm32cubeide_1.7.0/stm32cubeide/plugins/com.st.stm32cube.ide.mcu.externaltools.gnu-tools-for-stm32.9-2020-q2-update.win32_2.0.0.202105311346/tools/bin/../lib/gcc/arm-none-eabi/9.3.1/thumb/v7-m/nofp/crti.o
LOAD c:/st/stm32cubeide_1.7.0/stm32cubeide/plugins/com.st.stm32cube.ide.mcu.externaltools.gnu-tools-for-stm32.9-2020-q2-update.win32_2.0.0.202105311346/tools/bin/../lib/gcc/arm-none-eabi/9.3.1/thumb/v7-m/nofp/crtbegin.o
LOAD c:/st/stm32cubeide_1.7.0/stm32cubeide/plugins/com.st.stm32cube.ide.mcu.externaltools.gnu-tools-for-stm32.9-2020-q2-update.win32_2.0.0.202105311346/tools/bin/../lib/gcc/arm-none-eabi/9.3.1/../../../../arm-none-eabi/lib/thumb/v7-m/nofp/crt0.o
LOAD ./Core/Src/led_display.o
LOAD ./Core/Src/led_matrix_display.o
LOAD ./Core/Src/main.o
LOAD ./Core/Src/stm32f1xx_hal_msp.o
LOAD ./Core/Src/stm32f1xx_it.o
LOAD ./Core/Src/syscalls.o
LOAD ./Core/Src/sysmem.o
LOAD ./Core/Src/system_stm32f1xx.o
LOAD ./Core/Startup/startup_stm32f103c6ux.o
LOAD ./Drivers/STM32F1xx_HAL_Driver/Src/stm32f1xx_hal.o
LOAD ./Drivers/STM32F1xx_HAL_Driver/Src/stm32f1xx_hal_cortex.o
LOAD ./Drivers/STM32F1xx_HAL_Driver/Src/stm32f1xx_hal_dma.o
LOAD ./Drivers/STM32F1xx_HAL_Driver/Src/stm32f1xx_hal_exti.o
LOAD ./Drivers/STM32F1xx_HAL_Driver/Src/stm32f1xx_hal_flash.o
LOAD ./Drivers/STM32F1xx_HAL_Driver/Src/stm32f1xx_hal_flash_ex.o
LOAD ./Drivers/STM32F1xx_HAL_Driver/Src/stm32f1xx_hal_gpio.o
LOAD ./Drivers/STM32F1xx_HAL_Driver/Src/stm32f1xx_hal_gpio_ex.o
LOAD ./Drivers/STM32F1xx_HAL_Driver/Src/stm32f1xx_hal_pwr.o
LOAD ./Drivers/STM32F1xx_HAL_Driver/Src/stm32f1xx_hal_rcc.o
LOAD ./Drivers/STM32F1xx_HAL_Driver/Src/stm32f1xx_hal_rcc_ex.o
LOAD ./Drivers/STM32F1xx_HAL_Driver/Src/stm32f1xx_hal_tim.o
LOAD ./Drivers/STM32F1xx_HAL_Driver/Src/stm32f1xx_hal_tim_ex.o
START GROUP
LOAD c:/st/stm32cubeide_1.7.0/stm32cubeide/plugins/com.st.stm32cube.ide.mcu.externaltools.gnu-tools-for-stm32.9-2020-q2-update.win32_2.0.0.202105311346/tools/bin/../lib/gcc/arm-none-eabi/9.3.1/../../../../arm-none-eabi/lib/thumb/v7-m/nofp\libc_nano.a
LOAD c:/st/stm32cubeide_1.7.0/stm32cubeide/plugins/com.st.stm32cube.ide.mcu.externaltools.gnu-tools-for-stm32.9-2020-q2-update.win32_2.0.0.202105311346/tools/bin/../lib/gcc/arm-none-eabi/9.3.1/../../../../arm-none-eabi/lib/thumb/v7-m/nofp\libm.a
END GROUP
START GROUP
LOAD c:/st/stm32cubeide_1.7.0/stm32cubeide/plugins/com.st.stm32cube.ide.mcu.externaltools.gnu-tools-for-stm32.9-2020-q2-update.win32_2.0.0.202105311346/tools/bin/../lib/gcc/arm-none-eabi/9.3.1/thumb/v7-m/nofp\libgcc.a
LOAD c:/st/stm32cubeide_1.7.0/stm32cubeide/plugins/com.st.stm32cube.ide.mcu.externaltools.gnu-tools-for-stm32.9-2020-q2-update.win32_2.0.0.202105311346/tools/bin/../lib/gcc/arm-none-eabi/9.3.1/../../../../arm-none-eabi/lib/thumb/v7-m/nofp\libc_nano.a
END GROUP
START GROUP
LOAD c:/st/stm32cubeide_1.7.0/stm32cubeide/plugins/com.st.stm32cube.ide.mcu.externaltools.gnu-tools-for-stm32.9-2020-q2-update.win32_2.0.0.202105311346/tools/bin/../lib/gcc/arm-none-eabi/9.3.1/thumb/v7-m/nofp\libgcc.a
LOAD c:/st/stm32cubeide_1.7.0/stm32cubeide/plugins/com.st.stm32cube.ide.mcu.externaltools.gnu-tools-for-stm32.9-2020-q2-update.win32_2.0.0.202105311346/tools/bin/../lib/gcc/arm-none-eabi/9.3.1/../../../../arm-none-eabi/lib/thumb/v7-m/nofp\libc_nano.a
LOAD c:/st/stm32cubeide_1.7.0/stm32cubeide/plugins/com.st.stm32cube.ide.mcu.externaltools.gnu-tools-for-stm32.9-2020-q2-update.win32_2.0.0.202105311346/tools/bin/../lib/gcc/arm-none-eabi/9.3.1/../../../../arm-none-eabi/lib/thumb/v7-m/nofp\libnosys.a
END GROUP
START GROUP
LOAD c:/st/stm32cubeide_1.7.0/stm32cubeide/plugins/com.st.stm32cube.ide.mcu.externaltools.gnu-tools-for-stm32.9-2020-q2-update.win32_2.0.0.202105311346/tools/bin/../lib/gcc/arm-none-eabi/9.3.1/thumb/v7-m/nofp\libgcc.a
LOAD c:/st/stm32cubeide_1.7.0/stm32cubeide/plugins/com.st.stm32cube.ide.mcu.externaltools.gnu-tools-for-stm32.9-2020-q2-update.win32_2.0.0.202105311346/tools/bin/../lib/gcc/arm-none-eabi/9.3.1/../../../../arm-none-eabi/lib/thumb/v7-m/nofp\libc_nano.a
LOAD c:/st/stm32cubeide_1.7.0/stm32cubeide/plugins/com.st.stm32cube.ide.mcu.externaltools.gnu-tools-for-stm32.9-2020-q2-update.win32_2.0.0.202105311346/tools/bin/../lib/gcc/arm-none-eabi/9.3.1/../../../../arm-none-eabi/lib/thumb/v7-m/nofp\libnosys.a
END GROUP
LOAD c:/st/stm32cubeide_1.7.0/stm32cubeide/plugins/com.st.stm32cube.ide.mcu.externaltools.gnu-tools-for-stm32.9-2020-q2-update.win32_2.0.0.202105311346/tools/bin/../lib/gcc/arm-none-eabi/9.3.1/thumb/v7-m/nofp/crtend.o
LOAD c:/st/stm32cubeide_1.7.0/stm32cubeide/plugins/com.st.stm32cube.ide.mcu.externaltools.gnu-tools-for-stm32.9-2020-q2-update.win32_2.0.0.202105311346/tools/bin/../lib/gcc/arm-none-eabi/9.3.1/thumb/v7-m/nofp/crtn.o
                0x0000000020002800                _estack = (ORIGIN (RAM) + LENGTH (RAM))
                0x0000000000000200                _Min_Heap_Size = 0x200
                0x0000000000000400                _Min_Stack_Size = 0x400

.isr_vector     0x0000000008000000      0x10c
                0x0000000008000000                . = ALIGN (0x4)
 *(.isr_vector)
 .isr_vector    0x0000000008000000      0x10c ./Core/Startup/startup_stm32f103c6ux.o
                0x0000000008000000                g_pfnVectors
                0x000000000800010c                . = ALIGN (0x4)

.text           0x000000000800010c     0x2450
                0x000000000800010c                . = ALIGN (0x4)
 *(.text)
 .text          0x000000000800010c       0x40 c:/st/stm32cubeide_1.7.0/stm32cubeide/plugins/com.st.stm32cube.ide.mcu.externaltools.gnu-tools-for-stm32.9-2020-q2-update.win32_2.0.0.202105311346/tools/bin/../lib/gcc/arm-none-eabi/9.3.1/thumb/v7-m/nofp/crtbegin.o
 *(.text*)
 .text.display7SEG
                0x000000000800014c      0x104 ./Core/Src/led_display.o
                0x000000000800014c                display7SEG
 .text.displayMatrix
                0x0000000008000250      0x130 ./Core/Src/led_matrix_display.o
                0x0000000008000250                displayMatrix
 .text.update7SEG
                0x0000000008000380      0x12c ./Core/Src/main.o
                0x0000000008000380                update7SEG
 .text.updateClockBuffer
                0x00000000080004ac       0x80 ./Core/Src/main.o
                0x00000000080004ac                updateClockBuffer
 .text.updateLEDMatrix
                0x000000000800052c      0x430 ./Core/Src/main.o
                0x000000000800052c                updateLEDMatrix
 .text.updateMatrixBuffer
                0x000000000800095c       0x40 ./Core/Src/main.o
                0x000000000800095c                updateMatrixBuffer
 .text.blink_dot
                0x000000000800099c       0x14 ./Core/Src/main.o
                0x000000000800099c                blink_dot
 .text.setMatrix0
                0x00000000080009b0       0x2c ./Core/Src/main.o
                0x00000000080009b0                setMatrix0
 .text.setSwitch0
                0x00000000080009dc       0x2c ./Core/Src/main.o
                0x00000000080009dc                setSwitch0
 .text.setTimer0
                0x0000000008000a08       0x2c ./Core/Src/main.o
                0x0000000008000a08                setTimer0
 .text.timer_run
                0x0000000008000a34       0x84 ./Core/Src/main.o
                0x0000000008000a34                timer_run
 .text.HAL_TIM_PeriodElapsedCallback
                0x0000000008000ab8       0x14 ./Core/Src/main.o
                0x0000000008000ab8                HAL_TIM_PeriodElapsedCallback
 .text.main     0x0000000008000acc      0x120 ./Core/Src/main.o
                0x0000000008000acc                main
 .text.SystemClock_Config
                0x0000000008000bec       0x76 ./Core/Src/main.o
                0x0000000008000bec                SystemClock_Config
 *fill*         0x0000000008000c62        0x2 
 .text.MX_TIM2_Init
                0x0000000008000c64       0x98 ./Core/Src/main.o
 .text.MX_GPIO_Init
                0x0000000008000cfc       0xac ./Core/Src/main.o
 .text.Error_Handler
                0x0000000008000da8        0xa ./Core/Src/main.o
                0x0000000008000da8                Error_Handler
 *fill*         0x0000000008000db2        0x2 
 .text.HAL_MspInit
                0x0000000008000db4       0x64 ./Core/Src/stm32f1xx_hal_msp.o
                0x0000000008000db4                HAL_MspInit
 .text.HAL_TIM_Base_MspInit
                0x0000000008000e18       0x48 ./Core/Src/stm32f1xx_hal_msp.o
                0x0000000008000e18                HAL_TIM_Base_MspInit
 .text.NMI_Handler
                0x0000000008000e60        0x6 ./Core/Src/stm32f1xx_it.o
                0x0000000008000e60                NMI_Handler
 .text.HardFault_Handler
                0x0000000008000e66        0x6 ./Core/Src/stm32f1xx_it.o
                0x0000000008000e66                HardFault_Handler
 .text.MemManage_Handler
                0x0000000008000e6c        0x6 ./Core/Src/stm32f1xx_it.o
                0x0000000008000e6c                MemManage_Handler
 .text.BusFault_Handler
                0x0000000008000e72        0x6 ./Core/Src/stm32f1xx_it.o
                0x0000000008000e72                BusFault_Handler
 .text.UsageFault_Handler
                0x0000000008000e78        0x6 ./Core/Src/stm32f1xx_it.o
                0x0000000008000e78                UsageFault_Handler
 .text.SVC_Handler
                0x0000000008000e7e        0xc ./Core/Src/stm32f1xx_it.o
                0x0000000008000e7e                SVC_Handler
 .text.DebugMon_Handler
                0x0000000008000e8a        0xc ./Core/Src/stm32f1xx_it.o
                0x0000000008000e8a                DebugMon_Handler
 .text.PendSV_Handler
                0x0000000008000e96        0xc ./Core/Src/stm32f1xx_it.o
                0x0000000008000e96                PendSV_Handler
 .text.SysTick_Handler
                0x0000000008000ea2        0xc ./Core/Src/stm32f1xx_it.o
                0x0000000008000ea2                SysTick_Handler
 *fill*         0x0000000008000eae        0x2 
 .text.TIM2_IRQHandler
                0x0000000008000eb0       0x14 ./Core/Src/stm32f1xx_it.o
                0x0000000008000eb0                TIM2_IRQHandler
 .text.SystemInit
                0x0000000008000ec4        0xc ./Core/Src/system_stm32f1xx.o
                0x0000000008000ec4                SystemInit
 .text.Reset_Handler
                0x0000000008000ed0       0x48 ./Core/Startup/startup_stm32f103c6ux.o
                0x0000000008000ed0                Reset_Handler
 .text.Default_Handler
                0x0000000008000f18        0x2 ./Core/Startup/startup_stm32f103c6ux.o
                0x0000000008000f18                RTC_Alarm_IRQHandler
                0x0000000008000f18                EXTI2_IRQHandler
                0x0000000008000f18                TIM1_CC_IRQHandler
                0x0000000008000f18                PVD_IRQHandler
                0x0000000008000f18                EXTI3_IRQHandler
                0x0000000008000f18                EXTI0_IRQHandler
                0x0000000008000f18                ADC1_2_IRQHandler
                0x0000000008000f18                SPI1_IRQHandler
                0x0000000008000f18                TAMPER_IRQHandler
                0x0000000008000f18                DMA1_Channel4_IRQHandler
                0x0000000008000f18                RTC_IRQHandler
                0x0000000008000f18                DMA1_Channel7_IRQHandler
                0x0000000008000f18                CAN1_RX1_IRQHandler
                0x0000000008000f18                I2C1_EV_IRQHandler
                0x0000000008000f18                DMA1_Channel6_IRQHandler
                0x0000000008000f18                TIM3_IRQHandler
                0x0000000008000f18                RCC_IRQHandler
                0x0000000008000f18                TIM1_TRG_COM_IRQHandler
                0x0000000008000f18                DMA1_Channel1_IRQHandler
                0x0000000008000f18                Default_Handler
                0x0000000008000f18                EXTI15_10_IRQHandler
                0x0000000008000f18                EXTI9_5_IRQHandler
                0x0000000008000f18                DMA1_Channel5_IRQHandler
                0x0000000008000f18                EXTI4_IRQHandler
                0x0000000008000f18                USB_LP_CAN1_RX0_IRQHandler
                0x0000000008000f18                USB_HP_CAN1_TX_IRQHandler
                0x0000000008000f18                DMA1_Channel3_IRQHandler
                0x0000000008000f18                TIM1_UP_IRQHandler
                0x0000000008000f18                WWDG_IRQHandler
                0x0000000008000f18                TIM1_BRK_IRQHandler
                0x0000000008000f18                EXTI1_IRQHandler
                0x0000000008000f18                USART2_IRQHandler
                0x0000000008000f18                DMA1_Channel2_IRQHandler
                0x0000000008000f18                CAN1_SCE_IRQHandler
                0x0000000008000f18                FLASH_IRQHandler
                0x0000000008000f18                USART1_IRQHandler
                0x0000000008000f18                I2C1_ER_IRQHandler
                0x0000000008000f18                USBWakeUp_IRQHandler
 *fill*         0x0000000008000f1a        0x2 
 .text.HAL_Init
                0x0000000008000f1c       0x2c ./Drivers/STM32F1xx_HAL_Driver/Src/stm32f1xx_hal.o
                0x0000000008000f1c                HAL_Init
 .text.HAL_InitTick
                0x0000000008000f48       0x60 ./Drivers/STM32F1xx_HAL_Driver/Src/stm32f1xx_hal.o
                0x0000000008000f48                HAL_InitTick
 .text.HAL_IncTick
                0x0000000008000fa8       0x24 ./Drivers/STM32F1xx_HAL_Driver/Src/stm32f1xx_hal.o
                0x0000000008000fa8                HAL_IncTick
 .text.HAL_GetTick
                0x0000000008000fcc       0x14 ./Drivers/STM32F1xx_HAL_Driver/Src/stm32f1xx_hal.o
                0x0000000008000fcc                HAL_GetTick
 .text.__NVIC_SetPriorityGrouping
                0x0000000008000fe0       0x48 ./Drivers/STM32F1xx_HAL_Driver/Src/stm32f1xx_hal_cortex.o
 .text.__NVIC_GetPriorityGrouping
                0x0000000008001028       0x1c ./Drivers/STM32F1xx_HAL_Driver/Src/stm32f1xx_hal_cortex.o
 .text.__NVIC_EnableIRQ
                0x0000000008001044       0x38 ./Drivers/STM32F1xx_HAL_Driver/Src/stm32f1xx_hal_cortex.o
 .text.__NVIC_SetPriority
                0x000000000800107c       0x54 ./Drivers/STM32F1xx_HAL_Driver/Src/stm32f1xx_hal_cortex.o
 .text.NVIC_EncodePriority
                0x00000000080010d0       0x64 ./Drivers/STM32F1xx_HAL_Driver/Src/stm32f1xx_hal_cortex.o
 .text.SysTick_Config
                0x0000000008001134       0x44 ./Drivers/STM32F1xx_HAL_Driver/Src/stm32f1xx_hal_cortex.o
 .text.HAL_NVIC_SetPriorityGrouping
                0x0000000008001178       0x16 ./Drivers/STM32F1xx_HAL_Driver/Src/stm32f1xx_hal_cortex.o
                0x0000000008001178                HAL_NVIC_SetPriorityGrouping
 .text.HAL_NVIC_SetPriority
                0x000000000800118e       0x38 ./Drivers/STM32F1xx_HAL_Driver/Src/stm32f1xx_hal_cortex.o
                0x000000000800118e                HAL_NVIC_SetPriority
 .text.HAL_NVIC_EnableIRQ
                0x00000000080011c6       0x1c ./Drivers/STM32F1xx_HAL_Driver/Src/stm32f1xx_hal_cortex.o
                0x00000000080011c6                HAL_NVIC_EnableIRQ
 .text.HAL_SYSTICK_Config
                0x00000000080011e2       0x18 ./Drivers/STM32F1xx_HAL_Driver/Src/stm32f1xx_hal_cortex.o
                0x00000000080011e2                HAL_SYSTICK_Config
 *fill*         0x00000000080011fa        0x2 
 .text.HAL_GPIO_Init
                0x00000000080011fc      0x2f4 ./Drivers/STM32F1xx_HAL_Driver/Src/stm32f1xx_hal_gpio.o
                0x00000000080011fc                HAL_GPIO_Init
 .text.HAL_GPIO_WritePin
                0x00000000080014f0       0x30 ./Drivers/STM32F1xx_HAL_Driver/Src/stm32f1xx_hal_gpio.o
                0x00000000080014f0                HAL_GPIO_WritePin
 .text.HAL_GPIO_TogglePin
                0x0000000008001520       0x32 ./Drivers/STM32F1xx_HAL_Driver/Src/stm32f1xx_hal_gpio.o
                0x0000000008001520                HAL_GPIO_TogglePin
 *fill*         0x0000000008001552        0x2 
 .text.HAL_RCC_OscConfig
                0x0000000008001554      0x500 ./Drivers/STM32F1xx_HAL_Driver/Src/stm32f1xx_hal_rcc.o
                0x0000000008001554                HAL_RCC_OscConfig
 .text.HAL_RCC_ClockConfig
                0x0000000008001a54      0x1d4 ./Drivers/STM32F1xx_HAL_Driver/Src/stm32f1xx_hal_rcc.o
                0x0000000008001a54                HAL_RCC_ClockConfig
 .text.HAL_RCC_GetSysClockFreq
                0x0000000008001c28       0xc0 ./Drivers/STM32F1xx_HAL_Driver/Src/stm32f1xx_hal_rcc.o
                0x0000000008001c28                HAL_RCC_GetSysClockFreq
 .text.RCC_Delay
                0x0000000008001ce8       0x3c ./Drivers/STM32F1xx_HAL_Driver/Src/stm32f1xx_hal_rcc.o
 .text.HAL_TIM_Base_Init
                0x0000000008001d24       0x9e ./Drivers/STM32F1xx_HAL_Driver/Src/stm32f1xx_hal_tim.o
                0x0000000008001d24                HAL_TIM_Base_Init
 *fill*         0x0000000008001dc2        0x2 
 .text.HAL_TIM_Base_Start_IT
                0x0000000008001dc4       0x98 ./Drivers/STM32F1xx_HAL_Driver/Src/stm32f1xx_hal_tim.o
                0x0000000008001dc4                HAL_TIM_Base_Start_IT
 .text.HAL_TIM_IRQHandler
                0x0000000008001e5c      0x210 ./Drivers/STM32F1xx_HAL_Driver/Src/stm32f1xx_hal_tim.o
                0x0000000008001e5c                HAL_TIM_IRQHandler
 .text.HAL_TIM_ConfigClockSource
                0x000000000800206c      0x188 ./Drivers/STM32F1xx_HAL_Driver/Src/stm32f1xx_hal_tim.o
                0x000000000800206c                HAL_TIM_ConfigClockSource
 .text.HAL_TIM_OC_DelayElapsedCallback
                0x00000000080021f4       0x12 ./Drivers/STM32F1xx_HAL_Driver/Src/stm32f1xx_hal_tim.o
                0x00000000080021f4                HAL_TIM_OC_DelayElapsedCallback
 .text.HAL_TIM_IC_CaptureCallback
                0x0000000008002206       0x12 ./Drivers/STM32F1xx_HAL_Driver/Src/stm32f1xx_hal_tim.o
                0x0000000008002206                HAL_TIM_IC_CaptureCallback
 .text.HAL_TIM_PWM_PulseFinishedCallback
                0x0000000008002218       0x12 ./Drivers/STM32F1xx_HAL_Driver/Src/stm32f1xx_hal_tim.o
                0x0000000008002218                HAL_TIM_PWM_PulseFinishedCallback
 .text.HAL_TIM_TriggerCallback
                0x000000000800222a       0x12 ./Drivers/STM32F1xx_HAL_Driver/Src/stm32f1xx_hal_tim.o
                0x000000000800222a                HAL_TIM_TriggerCallback
 .text.TIM_Base_SetConfig
                0x000000000800223c       0xb0 ./Drivers/STM32F1xx_HAL_Driver/Src/stm32f1xx_hal_tim.o
                0x000000000800223c                TIM_Base_SetConfig
 .text.TIM_TI1_ConfigInputStage
                0x00000000080022ec       0x5c ./Drivers/STM32F1xx_HAL_Driver/Src/stm32f1xx_hal_tim.o
 .text.TIM_TI2_ConfigInputStage
                0x0000000008002348       0x5e ./Drivers/STM32F1xx_HAL_Driver/Src/stm32f1xx_hal_tim.o
 .text.TIM_ITRx_SetConfig
                0x00000000080023a6       0x34 ./Drivers/STM32F1xx_HAL_Driver/Src/stm32f1xx_hal_tim.o
 .text.TIM_ETR_SetConfig
                0x00000000080023da       0x3e ./Drivers/STM32F1xx_HAL_Driver/Src/stm32f1xx_hal_tim.o
                0x00000000080023da                TIM_ETR_SetConfig
 .text.HAL_TIMEx_MasterConfigSynchronization
                0x0000000008002418       0xb0 ./Drivers/STM32F1xx_HAL_Driver/Src/stm32f1xx_hal_tim_ex.o
                0x0000000008002418                HAL_TIMEx_MasterConfigSynchronization
 .text.HAL_TIMEx_CommutCallback
                0x00000000080024c8       0x12 ./Drivers/STM32F1xx_HAL_Driver/Src/stm32f1xx_hal_tim_ex.o
                0x00000000080024c8                HAL_TIMEx_CommutCallback
 .text.HAL_TIMEx_BreakCallback
                0x00000000080024da       0x12 ./Drivers/STM32F1xx_HAL_Driver/Src/stm32f1xx_hal_tim_ex.o
                0x00000000080024da                HAL_TIMEx_BreakCallback
 .text.__libc_init_array
                0x00000000080024ec       0x48 c:/st/stm32cubeide_1.7.0/stm32cubeide/plugins/com.st.stm32cube.ide.mcu.externaltools.gnu-tools-for-stm32.9-2020-q2-update.win32_2.0.0.202105311346/tools/bin/../lib/gcc/arm-none-eabi/9.3.1/../../../../arm-none-eabi/lib/thumb/v7-m/nofp\libc_nano.a(lib_a-init.o)
                0x00000000080024ec                __libc_init_array
 .text.memset   0x0000000008002534       0x10 c:/st/stm32cubeide_1.7.0/stm32cubeide/plugins/com.st.stm32cube.ide.mcu.externaltools.gnu-tools-for-stm32.9-2020-q2-update.win32_2.0.0.202105311346/tools/bin/../lib/gcc/arm-none-eabi/9.3.1/../../../../arm-none-eabi/lib/thumb/v7-m/nofp\libc_nano.a(lib_a-memset.o)
                0x0000000008002534                memset
 *(.glue_7)
 .glue_7        0x0000000008002544        0x0 linker stubs
 *(.glue_7t)
 .glue_7t       0x0000000008002544        0x0 linker stubs
 *(.eh_frame)
 .eh_frame      0x0000000008002544        0x0 c:/st/stm32cubeide_1.7.0/stm32cubeide/plugins/com.st.stm32cube.ide.mcu.externaltools.gnu-tools-for-stm32.9-2020-q2-update.win32_2.0.0.202105311346/tools/bin/../lib/gcc/arm-none-eabi/9.3.1/thumb/v7-m/nofp/crtbegin.o
 *(.init)
 .init          0x0000000008002544        0x4 c:/st/stm32cubeide_1.7.0/stm32cubeide/plugins/com.st.stm32cube.ide.mcu.externaltools.gnu-tools-for-stm32.9-2020-q2-update.win32_2.0.0.202105311346/tools/bin/../lib/gcc/arm-none-eabi/9.3.1/thumb/v7-m/nofp/crti.o
                0x0000000008002544                _init
 .init          0x0000000008002548        0x8 c:/st/stm32cubeide_1.7.0/stm32cubeide/plugins/com.st.stm32cube.ide.mcu.externaltools.gnu-tools-for-stm32.9-2020-q2-update.win32_2.0.0.202105311346/tools/bin/../lib/gcc/arm-none-eabi/9.3.1/thumb/v7-m/nofp/crtn.o
 *(.fini)
 .fini          0x0000000008002550        0x4 c:/st/stm32cubeide_1.7.0/stm32cubeide/plugins/com.st.stm32cube.ide.mcu.externaltools.gnu-tools-for-stm32.9-2020-q2-update.win32_2.0.0.202105311346/tools/bin/../lib/gcc/arm-none-eabi/9.3.1/thumb/v7-m/nofp/crti.o
                0x0000000008002550                _fini
 .fini          0x0000000008002554        0x8 c:/st/stm32cubeide_1.7.0/stm32cubeide/plugins/com.st.stm32cube.ide.mcu.externaltools.gnu-tools-for-stm32.9-2020-q2-update.win32_2.0.0.202105311346/tools/bin/../lib/gcc/arm-none-eabi/9.3.1/thumb/v7-m/nofp/crtn.o
                0x000000000800255c                . = ALIGN (0x4)
                0x000000000800255c                _etext = .

.vfp11_veneer   0x000000000800255c        0x0
 .vfp11_veneer  0x000000000800255c        0x0 linker stubs

.v4_bx          0x000000000800255c        0x0
 .v4_bx         0x000000000800255c        0x0 linker stubs

.iplt           0x000000000800255c        0x0
 .iplt          0x000000000800255c        0x0 c:/st/stm32cubeide_1.7.0/stm32cubeide/plugins/com.st.stm32cube.ide.mcu.externaltools.gnu-tools-for-stm32.9-2020-q2-update.win32_2.0.0.202105311346/tools/bin/../lib/gcc/arm-none-eabi/9.3.1/thumb/v7-m/nofp/crtbegin.o

.rodata         0x000000000800255c       0x20
                0x000000000800255c                . = ALIGN (0x4)
 *(.rodata)
 .rodata        0x000000000800255c       0x10 ./Drivers/STM32F1xx_HAL_Driver/Src/stm32f1xx_hal_rcc.o
 *(.rodata*)
 .rodata.AHBPrescTable
                0x000000000800256c       0x10 ./Core/Src/system_stm32f1xx.o
                0x000000000800256c                AHBPrescTable
                0x000000000800257c                . = ALIGN (0x4)

.rel.dyn        0x000000000800257c        0x0
 .rel.iplt      0x000000000800257c        0x0 c:/st/stm32cubeide_1.7.0/stm32cubeide/plugins/com.st.stm32cube.ide.mcu.externaltools.gnu-tools-for-stm32.9-2020-q2-update.win32_2.0.0.202105311346/tools/bin/../lib/gcc/arm-none-eabi/9.3.1/thumb/v7-m/nofp/crtbegin.o

.ARM.extab      0x000000000800257c        0x0
                0x000000000800257c                . = ALIGN (0x4)
 *(.ARM.extab* .gnu.linkonce.armextab.*)
                0x000000000800257c                . = ALIGN (0x4)

.ARM            0x000000000800257c        0x0
                0x000000000800257c                . = ALIGN (0x4)
                0x000000000800257c                __exidx_start = .
 *(.ARM.exidx*)
                0x000000000800257c                __exidx_end = .
                0x000000000800257c                . = ALIGN (0x4)

.preinit_array  0x000000000800257c        0x0
                0x000000000800257c                . = ALIGN (0x4)
                0x000000000800257c                PROVIDE (__preinit_array_start = .)
 *(.preinit_array*)
                0x000000000800257c                PROVIDE (__preinit_array_end = .)
                0x000000000800257c                . = ALIGN (0x4)

.init_array     0x000000000800257c        0x4
                0x000000000800257c                . = ALIGN (0x4)
                0x000000000800257c                PROVIDE (__init_array_start = .)
 *(SORT_BY_NAME(.init_array.*))
 *(.init_array*)
 .init_array    0x000000000800257c        0x4 c:/st/stm32cubeide_1.7.0/stm32cubeide/plugins/com.st.stm32cube.ide.mcu.externaltools.gnu-tools-for-stm32.9-2020-q2-update.win32_2.0.0.202105311346/tools/bin/../lib/gcc/arm-none-eabi/9.3.1/thumb/v7-m/nofp/crtbegin.o
                0x0000000008002580                PROVIDE (__init_array_end = .)
                0x0000000008002580                . = ALIGN (0x4)

.fini_array     0x0000000008002580        0x4
                0x0000000008002580                . = ALIGN (0x4)
                [!provide]                        PROVIDE (__fini_array_start = .)
 *(SORT_BY_NAME(.fini_array.*))
 *(.fini_array*)
 .fini_array    0x0000000008002580        0x4 c:/st/stm32cubeide_1.7.0/stm32cubeide/plugins/com.st.stm32cube.ide.mcu.externaltools.gnu-tools-for-stm32.9-2020-q2-update.win32_2.0.0.202105311346/tools/bin/../lib/gcc/arm-none-eabi/9.3.1/thumb/v7-m/nofp/crtbegin.o
                [!provide]                        PROVIDE (__fini_array_end = .)
                0x0000000008002584                . = ALIGN (0x4)
                0x0000000008002584                _sidata = LOADADDR (.data)

.data           0x0000000020000000       0x44 load address 0x0000000008002584
                0x0000000020000000                . = ALIGN (0x4)
                0x0000000020000000                _sdata = .
 *(.data)
 *(.data*)
 .data.sevenSegmentLEDConversion
                0x0000000020000000        0xa ./Core/Src/led_display.o
 *fill*         0x000000002000000a        0x2 
 .data.led_buffer
                0x000000002000000c       0x10 ./Core/Src/main.o
                0x000000002000000c                led_buffer
 .data.hour     0x000000002000001c        0x4 ./Core/Src/main.o
                0x000000002000001c                hour
 .data.minute   0x0000000020000020        0x4 ./Core/Src/main.o
                0x0000000020000020                minute
 .data.second   0x0000000020000024        0x4 ./Core/Src/main.o
                0x0000000020000024                second
 .data.data     0x0000000020000028        0x8 ./Core/Src/main.o
                0x0000000020000028                data
 .data.matrix_buffer
                0x0000000020000030        0x8 ./Core/Src/main.o
                0x0000000020000030                matrix_buffer
 .data.SystemCoreClock
                0x0000000020000038        0x4 ./Core/Src/system_stm32f1xx.o
                0x0000000020000038                SystemCoreClock
 .data.uwTickPrio
                0x000000002000003c        0x4 ./Drivers/STM32F1xx_HAL_Driver/Src/stm32f1xx_hal.o
                0x000000002000003c                uwTickPrio
 .data.uwTickFreq
                0x0000000020000040        0x1 ./Drivers/STM32F1xx_HAL_Driver/Src/stm32f1xx_hal.o
                0x0000000020000040                uwTickFreq
 *(.RamFunc)
 *(.RamFunc*)
                0x0000000020000044                . = ALIGN (0x4)
 *fill*         0x0000000020000041        0x3 
                0x0000000020000044                _edata = .

.igot.plt       0x0000000020000044        0x0 load address 0x00000000080025c8
 .igot.plt      0x0000000020000044        0x0 c:/st/stm32cubeide_1.7.0/stm32cubeide/plugins/com.st.stm32cube.ide.mcu.externaltools.gnu-tools-for-stm32.9-2020-q2-update.win32_2.0.0.202105311346/tools/bin/../lib/gcc/arm-none-eabi/9.3.1/thumb/v7-m/nofp/crtbegin.o
                0x0000000020000044                . = ALIGN (0x4)

.bss            0x0000000020000044       0x88 load address 0x00000000080025c8
                0x0000000020000044                _sbss = .
                0x0000000020000044                __bss_start__ = _sbss
 *(.bss)
 .bss           0x0000000020000044       0x1c c:/st/stm32cubeide_1.7.0/stm32cubeide/plugins/com.st.stm32cube.ide.mcu.externaltools.gnu-tools-for-stm32.9-2020-q2-update.win32_2.0.0.202105311346/tools/bin/../lib/gcc/arm-none-eabi/9.3.1/thumb/v7-m/nofp/crtbegin.o
 *(.bss*)
 .bss.index_led
                0x0000000020000060        0x4 ./Core/Src/main.o
                0x0000000020000060                index_led
 .bss.index_led_matrix
                0x0000000020000064        0x4 ./Core/Src/main.o
                0x0000000020000064                index_led_matrix
 .bss.matrix_counter
                0x0000000020000068        0x4 ./Core/Src/main.o
                0x0000000020000068                matrix_counter
 .bss.switch_counter
                0x000000002000006c        0x4 ./Core/Src/main.o
                0x000000002000006c                switch_counter
 .bss.timer0_counter
                0x0000000020000070        0x4 ./Core/Src/main.o
                0x0000000020000070                timer0_counter
 .bss.matrix_flag
                0x0000000020000074        0x4 ./Core/Src/main.o
                0x0000000020000074                matrix_flag
 .bss.timer0_flag
                0x0000000020000078        0x4 ./Core/Src/main.o
                0x0000000020000078                timer0_flag
 .bss.switch_flag
                0x000000002000007c        0x4 ./Core/Src/main.o
                0x000000002000007c                switch_flag
 *(COMMON)
 COMMON         0x0000000020000080       0x48 ./Core/Src/main.o
                0x0000000020000080                htim2
 COMMON         0x00000000200000c8        0x4 ./Drivers/STM32F1xx_HAL_Driver/Src/stm32f1xx_hal.o
                0x00000000200000c8                uwTick
                0x00000000200000cc                . = ALIGN (0x4)
                0x00000000200000cc                _ebss = .
                0x00000000200000cc                __bss_end__ = _ebss

._user_heap_stack
                0x00000000200000cc      0x604 load address 0x00000000080025c8
                0x00000000200000d0                . = ALIGN (0x8)
 *fill*         0x00000000200000cc        0x4 
                [!provide]                        PROVIDE (end = .)
                0x00000000200000d0                PROVIDE (_end = .)
                0x00000000200002d0                . = (. + _Min_Heap_Size)
 *fill*         0x00000000200000d0      0x200 
                0x00000000200006d0                . = (. + _Min_Stack_Size)
 *fill*         0x00000000200002d0      0x400 
                0x00000000200006d0                . = ALIGN (0x8)

/DISCARD/
 libc.a(*)
 libm.a(*)
 libgcc.a(*)

.ARM.attributes
                0x0000000000000000       0x29
 *(.ARM.attributes)
 .ARM.attributes
                0x0000000000000000       0x1d c:/st/stm32cubeide_1.7.0/stm32cubeide/plugins/com.st.stm32cube.ide.mcu.externaltools.gnu-tools-for-stm32.9-2020-q2-update.win32_2.0.0.202105311346/tools/bin/../lib/gcc/arm-none-eabi/9.3.1/thumb/v7-m/nofp/crti.o
 .ARM.attributes
                0x000000000000001d       0x2d c:/st/stm32cubeide_1.7.0/stm32cubeide/plugins/com.st.stm32cube.ide.mcu.externaltools.gnu-tools-for-stm32.9-2020-q2-update.win32_2.0.0.202105311346/tools/bin/../lib/gcc/arm-none-eabi/9.3.1/thumb/v7-m/nofp/crtbegin.o
 .ARM.attributes
                0x000000000000004a       0x2d ./Core/Src/led_display.o
 .ARM.attributes
                0x0000000000000077       0x2d ./Core/Src/led_matrix_display.o
 .ARM.attributes
                0x00000000000000a4       0x2d ./Core/Src/main.o
 .ARM.attributes
                0x00000000000000d1       0x2d ./Core/Src/stm32f1xx_hal_msp.o
 .ARM.attributes
                0x00000000000000fe       0x2d ./Core/Src/stm32f1xx_it.o
 .ARM.attributes
                0x000000000000012b       0x2d ./Core/Src/system_stm32f1xx.o
 .ARM.attributes
                0x0000000000000158       0x21 ./Core/Startup/startup_stm32f103c6ux.o
 .ARM.attributes
                0x0000000000000179       0x2d ./Drivers/STM32F1xx_HAL_Driver/Src/stm32f1xx_hal.o
 .ARM.attributes
                0x00000000000001a6       0x2d ./Drivers/STM32F1xx_HAL_Driver/Src/stm32f1xx_hal_cortex.o
 .ARM.attributes
                0x00000000000001d3       0x2d ./Drivers/STM32F1xx_HAL_Driver/Src/stm32f1xx_hal_gpio.o
 .ARM.attributes
                0x0000000000000200       0x2d ./Drivers/STM32F1xx_HAL_Driver/Src/stm32f1xx_hal_rcc.o
 .ARM.attributes
                0x000000000000022d       0x2d ./Drivers/STM32F1xx_HAL_Driver/Src/stm32f1xx_hal_tim.o
 .ARM.attributes
                0x000000000000025a       0x2d ./Drivers/STM32F1xx_HAL_Driver/Src/stm32f1xx_hal_tim_ex.o
 .ARM.attributes
                0x0000000000000287       0x2d c:/st/stm32cubeide_1.7.0/stm32cubeide/plugins/com.st.stm32cube.ide.mcu.externaltools.gnu-tools-for-stm32.9-2020-q2-update.win32_2.0.0.202105311346/tools/bin/../lib/gcc/arm-none-eabi/9.3.1/../../../../arm-none-eabi/lib/thumb/v7-m/nofp\libc_nano.a(lib_a-init.o)
 .ARM.attributes
                0x00000000000002b4       0x2d c:/st/stm32cubeide_1.7.0/stm32cubeide/plugins/com.st.stm32cube.ide.mcu.externaltools.gnu-tools-for-stm32.9-2020-q2-update.win32_2.0.0.202105311346/tools/bin/../lib/gcc/arm-none-eabi/9.3.1/../../../../arm-none-eabi/lib/thumb/v7-m/nofp\libc_nano.a(lib_a-memset.o)
 .ARM.attributes
                0x00000000000002e1       0x1d c:/st/stm32cubeide_1.7.0/stm32cubeide/plugins/com.st.stm32cube.ide.mcu.externaltools.gnu-tools-for-stm32.9-2020-q2-update.win32_2.0.0.202105311346/tools/bin/../lib/gcc/arm-none-eabi/9.3.1/thumb/v7-m/nofp/crtn.o
OUTPUT(Lab2.elf elf32-littlearm)
LOAD linker stubs
LOAD c:/st/stm32cubeide_1.7.0/stm32cubeide/plugins/com.st.stm32cube.ide.mcu.externaltools.gnu-tools-for-stm32.9-2020-q2-update.win32_2.0.0.202105311346/tools/bin/../lib/gcc/arm-none-eabi/9.3.1/../../../../arm-none-eabi/lib/thumb/v7-m/nofp\libc.a
LOAD c:/st/stm32cubeide_1.7.0/stm32cubeide/plugins/com.st.stm32cube.ide.mcu.externaltools.gnu-tools-for-stm32.9-2020-q2-update.win32_2.0.0.202105311346/tools/bin/../lib/gcc/arm-none-eabi/9.3.1/../../../../arm-none-eabi/lib/thumb/v7-m/nofp\libm.a
LOAD c:/st/stm32cubeide_1.7.0/stm32cubeide/plugins/com.st.stm32cube.ide.mcu.externaltools.gnu-tools-for-stm32.9-2020-q2-update.win32_2.0.0.202105311346/tools/bin/../lib/gcc/arm-none-eabi/9.3.1/thumb/v7-m/nofp\libgcc.a

.debug_info     0x0000000000000000     0x8a69
 .debug_info    0x0000000000000000      0x318 ./Core/Src/led_display.o
 .debug_info    0x0000000000000318      0x25e ./Core/Src/led_matrix_display.o
 .debug_info    0x0000000000000576      0xea8 ./Core/Src/main.o
 .debug_info    0x000000000000141e      0xa04 ./Core/Src/stm32f1xx_hal_msp.o
 .debug_info    0x0000000000001e22      0x7b4 ./Core/Src/stm32f1xx_it.o
 .debug_info    0x00000000000025d6      0x2be ./Core/Src/system_stm32f1xx.o
 .debug_info    0x0000000000002894       0x22 ./Core/Startup/startup_stm32f103c6ux.o
 .debug_info    0x00000000000028b6      0x74c ./Drivers/STM32F1xx_HAL_Driver/Src/stm32f1xx_hal.o
 .debug_info    0x0000000000003002      0xbbe ./Drivers/STM32F1xx_HAL_Driver/Src/stm32f1xx_hal_cortex.o
 .debug_info    0x0000000000003bc0      0x701 ./Drivers/STM32F1xx_HAL_Driver/Src/stm32f1xx_hal_gpio.o
 .debug_info    0x00000000000042c1      0x88e ./Drivers/STM32F1xx_HAL_Driver/Src/stm32f1xx_hal_rcc.o
 .debug_info    0x0000000000004b4f     0x2a45 ./Drivers/STM32F1xx_HAL_Driver/Src/stm32f1xx_hal_tim.o
 .debug_info    0x0000000000007594     0x14d5 ./Drivers/STM32F1xx_HAL_Driver/Src/stm32f1xx_hal_tim_ex.o

.debug_abbrev   0x0000000000000000     0x1848
 .debug_abbrev  0x0000000000000000      0x175 ./Core/Src/led_display.o
 .debug_abbrev  0x0000000000000175      0x123 ./Core/Src/led_matrix_display.o
 .debug_abbrev  0x0000000000000298      0x304 ./Core/Src/main.o
 .debug_abbrev  0x000000000000059c      0x1b7 ./Core/Src/stm32f1xx_hal_msp.o
 .debug_abbrev  0x0000000000000753      0x176 ./Core/Src/stm32f1xx_it.o
 .debug_abbrev  0x00000000000008c9      0x14e ./Core/Src/system_stm32f1xx.o
 .debug_abbrev  0x0000000000000a17       0x12 ./Core/Startup/startup_stm32f103c6ux.o
 .debug_abbrev  0x0000000000000a29      0x1ed ./Drivers/STM32F1xx_HAL_Driver/Src/stm32f1xx_hal.o
 .debug_abbrev  0x0000000000000c16      0x313 ./Drivers/STM32F1xx_HAL_Driver/Src/stm32f1xx_hal_cortex.o
 .debug_abbrev  0x0000000000000f29      0x1e8 ./Drivers/STM32F1xx_HAL_Driver/Src/stm32f1xx_hal_gpio.o
 .debug_abbrev  0x0000000000001111      0x273 ./Drivers/STM32F1xx_HAL_Driver/Src/stm32f1xx_hal_rcc.o
 .debug_abbrev  0x0000000000001384      0x25e ./Drivers/STM32F1xx_HAL_Driver/Src/stm32f1xx_hal_tim.o
 .debug_abbrev  0x00000000000015e2      0x266 ./Drivers/STM32F1xx_HAL_Driver/Src/stm32f1xx_hal_tim_ex.o

.debug_aranges  0x0000000000000000      0x9c8
 .debug_aranges
                0x0000000000000000       0x30 ./Core/Src/led_display.o
 .debug_aranges
                0x0000000000000030       0x20 ./Core/Src/led_matrix_display.o
 .debug_aranges
                0x0000000000000050       0x90 ./Core/Src/main.o
 .debug_aranges
                0x00000000000000e0       0x30 ./Core/Src/stm32f1xx_hal_msp.o
 .debug_aranges
                0x0000000000000110       0x68 ./Core/Src/stm32f1xx_it.o
 .debug_aranges
                0x0000000000000178       0x28 ./Core/Src/system_stm32f1xx.o
 .debug_aranges
                0x00000000000001a0       0x28 ./Core/Startup/startup_stm32f103c6ux.o
 .debug_aranges
                0x00000000000001c8       0xe0 ./Drivers/STM32F1xx_HAL_Driver/Src/stm32f1xx_hal.o
 .debug_aranges
                0x00000000000002a8      0x100 ./Drivers/STM32F1xx_HAL_Driver/Src/stm32f1xx_hal_cortex.o
 .debug_aranges
                0x00000000000003a8       0x58 ./Drivers/STM32F1xx_HAL_Driver/Src/stm32f1xx_hal_gpio.o
 .debug_aranges
                0x0000000000000400       0x90 ./Drivers/STM32F1xx_HAL_Driver/Src/stm32f1xx_hal_rcc.o
 .debug_aranges
                0x0000000000000490      0x3d0 ./Drivers/STM32F1xx_HAL_Driver/Src/stm32f1xx_hal_tim.o
 .debug_aranges
                0x0000000000000860      0x168 ./Drivers/STM32F1xx_HAL_Driver/Src/stm32f1xx_hal_tim_ex.o

.debug_ranges   0x0000000000000000      0x900
 .debug_ranges  0x0000000000000000       0x20 ./Core/Src/led_display.o
 .debug_ranges  0x0000000000000020       0x10 ./Core/Src/led_matrix_display.o
 .debug_ranges  0x0000000000000030       0x80 ./Core/Src/main.o
 .debug_ranges  0x00000000000000b0       0x20 ./Core/Src/stm32f1xx_hal_msp.o
 .debug_ranges  0x00000000000000d0       0x58 ./Core/Src/stm32f1xx_it.o
 .debug_ranges  0x0000000000000128       0x18 ./Core/Src/system_stm32f1xx.o
 .debug_ranges  0x0000000000000140       0x20 ./Core/Startup/startup_stm32f103c6ux.o
 .debug_ranges  0x0000000000000160       0xd0 ./Drivers/STM32F1xx_HAL_Driver/Src/stm32f1xx_hal.o
 .debug_ranges  0x0000000000000230       0xf0 ./Drivers/STM32F1xx_HAL_Driver/Src/stm32f1xx_hal_cortex.o
 .debug_ranges  0x0000000000000320       0x48 ./Drivers/STM32F1xx_HAL_Driver/Src/stm32f1xx_hal_gpio.o
 .debug_ranges  0x0000000000000368       0x80 ./Drivers/STM32F1xx_HAL_Driver/Src/stm32f1xx_hal_rcc.o
 .debug_ranges  0x00000000000003e8      0x3c0 ./Drivers/STM32F1xx_HAL_Driver/Src/stm32f1xx_hal_tim.o
 .debug_ranges  0x00000000000007a8      0x158 ./Drivers/STM32F1xx_HAL_Driver/Src/stm32f1xx_hal_tim_ex.o

.debug_macro    0x0000000000000000    0x1660d
 .debug_macro   0x0000000000000000      0x260 ./Core/Src/led_display.o
 .debug_macro   0x0000000000000260      0xa9c ./Core/Src/led_display.o
 .debug_macro   0x0000000000000cfc      0x215 ./Core/Src/led_display.o
 .debug_macro   0x0000000000000f11       0x2e ./Core/Src/led_display.o
 .debug_macro   0x0000000000000f3f       0x22 ./Core/Src/led_display.o
 .debug_macro   0x0000000000000f61       0x22 ./Core/Src/led_display.o
 .debug_macro   0x0000000000000f83       0x8e ./Core/Src/led_display.o
 .debug_macro   0x0000000000001011       0x51 ./Core/Src/led_display.o
 .debug_macro   0x0000000000001062      0x103 ./Core/Src/led_display.o
 .debug_macro   0x0000000000001165       0x6a ./Core/Src/led_display.o
 .debug_macro   0x00000000000011cf      0x1df ./Core/Src/led_display.o
 .debug_macro   0x00000000000013ae       0x1c ./Core/Src/led_display.o
 .debug_macro   0x00000000000013ca       0x22 ./Core/Src/led_display.o
 .debug_macro   0x00000000000013ec       0xc3 ./Core/Src/led_display.o
 .debug_macro   0x00000000000014af      0xd23 ./Core/Src/led_display.o
 .debug_macro   0x00000000000021d2     0xde75 ./Core/Src/led_display.o
 .debug_macro   0x0000000000010047       0x6d ./Core/Src/led_display.o
 .debug_macro   0x00000000000100b4     0x3468 ./Core/Src/led_display.o
 .debug_macro   0x000000000001351c      0x174 ./Core/Src/led_display.o
 .debug_macro   0x0000000000013690       0x5c ./Core/Src/led_display.o
 .debug_macro   0x00000000000136ec      0x5be ./Core/Src/led_display.o
 .debug_macro   0x0000000000013caa      0x1b7 ./Core/Src/led_display.o
 .debug_macro   0x0000000000013e61      0x1cb ./Core/Src/led_display.o
 .debug_macro   0x000000000001402c      0x114 ./Core/Src/led_display.o
 .debug_macro   0x0000000000014140      0x1b2 ./Core/Src/led_display.o
 .debug_macro   0x00000000000142f2       0x27 ./Core/Src/led_display.o
 .debug_macro   0x0000000000014319      0x12f ./Core/Src/led_display.o
 .debug_macro   0x0000000000014448      0x1bc ./Core/Src/led_display.o
 .debug_macro   0x0000000000014604       0x34 ./Core/Src/led_display.o
 .debug_macro   0x0000000000014638       0x3c ./Core/Src/led_display.o
 .debug_macro   0x0000000000014674       0x57 ./Core/Src/led_display.o
 .debug_macro   0x00000000000146cb       0x88 ./Core/Src/led_display.o
 .debug_macro   0x0000000000014753      0x183 ./Core/Src/led_display.o
 .debug_macro   0x00000000000148d6      0x141 ./Core/Src/led_display.o
 .debug_macro   0x0000000000014a17      0x8d1 ./Core/Src/led_display.o
 .debug_macro   0x00000000000152e8       0x69 ./Core/Src/led_display.o
 .debug_macro   0x0000000000015351      0x202 ./Core/Src/led_matrix_display.o
 .debug_macro   0x0000000000015553      0x1a2 ./Core/Src/main.o
 .debug_macro   0x00000000000156f5      0x1a2 ./Core/Src/stm32f1xx_hal_msp.o
 .debug_macro   0x0000000000015897      0x1ac ./Core/Src/stm32f1xx_it.o
 .debug_macro   0x0000000000015a43      0x198 ./Core/Src/system_stm32f1xx.o
 .debug_macro   0x0000000000015bdb      0x1bc ./Drivers/STM32F1xx_HAL_Driver/Src/stm32f1xx_hal.o
 .debug_macro   0x0000000000015d97      0x198 ./Drivers/STM32F1xx_HAL_Driver/Src/stm32f1xx_hal_cortex.o
 .debug_macro   0x0000000000015f2f      0x203 ./Drivers/STM32F1xx_HAL_Driver/Src/stm32f1xx_hal_gpio.o
 .debug_macro   0x0000000000016132      0x1aa ./Drivers/STM32F1xx_HAL_Driver/Src/stm32f1xx_hal_rcc.o
 .debug_macro   0x00000000000162dc      0x199 ./Drivers/STM32F1xx_HAL_Driver/Src/stm32f1xx_hal_tim.o
 .debug_macro   0x0000000000016475      0x198 ./Drivers/STM32F1xx_HAL_Driver/Src/stm32f1xx_hal_tim_ex.o

.debug_line     0x0000000000000000     0xa2cb
 .debug_line    0x0000000000000000      0x7cc ./Core/Src/led_display.o
 .debug_line    0x00000000000007cc      0x6b9 ./Core/Src/led_matrix_display.o
 .debug_line    0x0000000000000e85      0x9d1 ./Core/Src/main.o
 .debug_line    0x0000000000001856      0x6a1 ./Core/Src/stm32f1xx_hal_msp.o
 .debug_line    0x0000000000001ef7      0x73f ./Core/Src/stm32f1xx_it.o
 .debug_line    0x0000000000002636      0x6e3 ./Core/Src/system_stm32f1xx.o
 .debug_line    0x0000000000002d19       0x87 ./Core/Startup/startup_stm32f103c6ux.o
 .debug_line    0x0000000000002da0      0x910 ./Drivers/STM32F1xx_HAL_Driver/Src/stm32f1xx_hal.o
 .debug_line    0x00000000000036b0      0xaf8 ./Drivers/STM32F1xx_HAL_Driver/Src/stm32f1xx_hal_cortex.o
 .debug_line    0x00000000000041a8      0x991 ./Drivers/STM32F1xx_HAL_Driver/Src/stm32f1xx_hal_gpio.o
 .debug_line    0x0000000000004b39      0xd1e ./Drivers/STM32F1xx_HAL_Driver/Src/stm32f1xx_hal_rcc.o
 .debug_line    0x0000000000005857     0x326e ./Drivers/STM32F1xx_HAL_Driver/Src/stm32f1xx_hal_tim.o
 .debug_line    0x0000000000008ac5     0x1806 ./Drivers/STM32F1xx_HAL_Driver/Src/stm32f1xx_hal_tim_ex.o

.debug_str      0x0000000000000000    0x821b1
 .debug_str     0x0000000000000000    0x7f55a ./Core/Src/led_display.o
                                      0x7f897 (size before relaxing)
 .debug_str     0x000000000007f55a      0x1d5 ./Core/Src/led_matrix_display.o
                                      0x7f661 (size before relaxing)
 .debug_str     0x000000000007f72f      0x845 ./Core/Src/main.o
                                      0x7fda9 (size before relaxing)
 .debug_str     0x000000000007ff74      0x2ba ./Core/Src/stm32f1xx_hal_msp.o
                                      0x7fc7b (size before relaxing)
 .debug_str     0x000000000008022e       0xcd ./Core/Src/stm32f1xx_it.o
                                      0x7f9dd (size before relaxing)
 .debug_str     0x00000000000802fb       0x52 ./Core/Src/system_stm32f1xx.o
                                      0x7f4e3 (size before relaxing)
 .debug_str     0x000000000008034d       0x36 ./Core/Startup/startup_stm32f103c6ux.o
                                         0x4e (size before relaxing)
 .debug_str     0x0000000000080383      0x304 ./Drivers/STM32F1xx_HAL_Driver/Src/stm32f1xx_hal.o
                                      0x7fb3a (size before relaxing)
 .debug_str     0x0000000000080687      0x300 ./Drivers/STM32F1xx_HAL_Driver/Src/stm32f1xx_hal_cortex.o
                                      0x7fb42 (size before relaxing)
 .debug_str     0x0000000000080987      0x31f ./Drivers/STM32F1xx_HAL_Driver/Src/stm32f1xx_hal_gpio.o
                                      0x7f8a7 (size before relaxing)
 .debug_str     0x0000000000080ca6      0x24f ./Drivers/STM32F1xx_HAL_Driver/Src/stm32f1xx_hal_rcc.o
                                      0x7f8e0 (size before relaxing)
 .debug_str     0x0000000000080ef5      0xdce ./Drivers/STM32F1xx_HAL_Driver/Src/stm32f1xx_hal_tim.o
                                      0x808b2 (size before relaxing)
 .debug_str     0x0000000000081cc3      0x4ee ./Drivers/STM32F1xx_HAL_Driver/Src/stm32f1xx_hal_tim_ex.o
                                      0x80063 (size before relaxing)

.comment        0x0000000000000000       0x53
 .comment       0x0000000000000000       0x53 ./Core/Src/led_display.o
                                         0x54 (size before relaxing)
 .comment       0x0000000000000053       0x54 ./Core/Src/led_matrix_display.o
 .comment       0x0000000000000053       0x54 ./Core/Src/main.o
 .comment       0x0000000000000053       0x54 ./Core/Src/stm32f1xx_hal_msp.o
 .comment       0x0000000000000053       0x54 ./Core/Src/stm32f1xx_it.o
 .comment       0x0000000000000053       0x54 ./Core/Src/system_stm32f1xx.o
 .comment       0x0000000000000053       0x54 ./Drivers/STM32F1xx_HAL_Driver/Src/stm32f1xx_hal.o
 .comment       0x0000000000000053       0x54 ./Drivers/STM32F1xx_HAL_Driver/Src/stm32f1xx_hal_cortex.o
 .comment       0x0000000000000053       0x54 ./Drivers/STM32F1xx_HAL_Driver/Src/stm32f1xx_hal_gpio.o
 .comment       0x0000000000000053       0x54 ./Drivers/STM32F1xx_HAL_Driver/Src/stm32f1xx_hal_rcc.o
 .comment       0x0000000000000053       0x54 ./Drivers/STM32F1xx_HAL_Driver/Src/stm32f1xx_hal_tim.o
 .comment       0x0000000000000053       0x54 ./Drivers/STM32F1xx_HAL_Driver/Src/stm32f1xx_hal_tim_ex.o

.debug_frame    0x0000000000000000     0x27cc
 .debug_frame   0x0000000000000000       0x84 ./Core/Src/led_display.o
 .debug_frame   0x0000000000000084       0x34 ./Core/Src/led_matrix_display.o
 .debug_frame   0x00000000000000b8      0x21c ./Core/Src/main.o
 .debug_frame   0x00000000000002d4       0x80 ./Core/Src/stm32f1xx_hal_msp.o
 .debug_frame   0x0000000000000354      0x120 ./Core/Src/stm32f1xx_it.o
 .debug_frame   0x0000000000000474       0x58 ./Core/Src/system_stm32f1xx.o
 .debug_frame   0x00000000000004cc      0x334 ./Drivers/STM32F1xx_HAL_Driver/Src/stm32f1xx_hal.o
 .debug_frame   0x0000000000000800      0x428 ./Drivers/STM32F1xx_HAL_Driver/Src/stm32f1xx_hal_cortex.o
 .debug_frame   0x0000000000000c28      0x14c ./Drivers/STM32F1xx_HAL_Driver/Src/stm32f1xx_hal_gpio.o
 .debug_frame   0x0000000000000d74      0x21c ./Drivers/STM32F1xx_HAL_Driver/Src/stm32f1xx_hal_rcc.o
 .debug_frame   0x0000000000000f90     0x11b8 ./Drivers/STM32F1xx_HAL_Driver/Src/stm32f1xx_hal_tim.o
 .debug_frame   0x0000000000002148      0x638 ./Drivers/STM32F1xx_HAL_Driver/Src/stm32f1xx_hal_tim_ex.o
 .debug_frame   0x0000000000002780       0x2c c:/st/stm32cubeide_1.7.0/stm32cubeide/plugins/com.st.stm32cube.ide.mcu.externaltools.gnu-tools-for-stm32.9-2020-q2-update.win32_2.0.0.202105311346/tools/bin/../lib/gcc/arm-none-eabi/9.3.1/../../../../arm-none-eabi/lib/thumb/v7-m/nofp\libc_nano.a(lib_a-init.o)
 .debug_frame   0x00000000000027ac       0x20 c:/st/stm32cubeide_1.7.0/stm32cubeide/plugins/com.st.stm32cube.ide.mcu.externaltools.gnu-tools-for-stm32.9-2020-q2-update.win32_2.0.0.202105311346/tools/bin/../lib/gcc/arm-none-eabi/9.3.1/../../../../arm-none-eabi/lib/thumb/v7-m/nofp\libc_nano.a(lib_a-memset.o)
