main.c:68:6:update7SEG	16	static
main.c:104:6:updateClockBuffer	4	static
main.c:114:6:updateLEDMatrix	16	static
main.c:226:6:updateMatrixBuffer	16	static
main.c:234:6:blink_dot	8	static
main.c:250:6:setMatrix0	16	static
main.c:255:6:setSwitch0	16	static
main.c:259:6:setTimer0	16	static
main.c:263:6:timer_run	4	static
main.c:280:6:HAL_TIM_PeriodElapsedCallback	16	static
main.c:296:5:main	8	static
main.c:391:6:SystemClock_Config	72	static
main.c:427:13:MX_TIM2_Init	32	static
main.c:472:13:MX_GPIO_Init	32	static
main.c:528:6:Error_Handler	4	static,ignoring_inline_asm
