main.c:68:6:update7SEG	16	static
main.c:104:6:updateClockBuffer	4	static
main.c:114:6:updateLEDMatrix	16	static
main.c:218:6:updateMatrixBuffer	16	static
main.c:226:6:blink_dot	8	static
main.c:242:6:setMatrix0	16	static
main.c:247:6:setSwitch0	16	static
main.c:251:6:setTimer0	16	static
main.c:255:6:timer_run	4	static
main.c:272:6:HAL_TIM_PeriodElapsedCallback	16	static
main.c:288:5:main	8	static
main.c:383:6:SystemClock_Config	72	static
main.c:419:13:MX_TIM2_Init	32	static
main.c:464:13:MX_GPIO_Init	32	static
main.c:520:6:Error_Handler	4	static,ignoring_inline_asm
